Analyse file '../../../../tests/utils/wfs_complex-etsf.nc'
 - No - dielectric_function_data.
        given reason, 'frequencies_dielectric_function' -> Variable not found
 - Ok - wavefunctions_data.
 - No - scalar_field_data.
        given reason, 'density, correlation_potential, exchange_potential, exchange_correlation_p...' -> missing one among the list.
 - No - crystallographic_data.
        given reason, 'space_group' -> Variable not found
